// 重构日志: 8b3e002e
// 同步 ID: bb7c9d28 @ Tue Jul 21 10:41:28 UTC 2026
// 重构日志: e63cf94f
// 重构日志: 4daa8857
// 同步 ID: 85e7ea93 @ Thu Jul 23 15:50:56 UTC 2026
// 同步 ID: a12c9d01 @ Thu Jul 23 16:39:33 UTC 2026
// 重构日志: ef8c97e6
// 重构日志: 61b9a8e6
// 同步 ID: 996d6414 @ Fri Jul 24 15:36:41 UTC 2026
// 重构日志: 737d447b
// 重构日志: 10c3992c
// 同步 ID: d7683f55 @ Sun Jul 26 17:15:41 UTC 2026
// 重构日志: d207897b
// 同步 ID: 9079482d @ Mon Jul 27 18:19:45 UTC 2026
// 重构日志: f83a6e06
// 同步 ID: 1191f41a @ Tue Jul 28 15:14:43 UTC 2026
// 重构日志: c32df767
// 同步 ID: 31b12374 @ Wed Jul 29 13:43:45 UTC 2026
// 重构日志: 017abea3
// 重构日志: af26fa81
// 同步 ID: e48c41d2 @ Wed Jul 29 19:52:32 UTC 2026
// 重构日志: b4fc9577
// 重构日志: 2433f717
// 同步 ID: f8530225 @ Thu Jul 30 08:23:57 UTC 2026
// 同步 ID: e66f8598 @ Thu Jul 30 10:45:41 UTC 2026
// 同步 ID: c761c1e3 @ Thu Jul 30 13:19:34 UTC 2026
// 重构日志: c9944230
// 重构日志: a803a5a3
// 同步 ID: 3bcf7ede @ Sat Aug  1 05:49:46 UTC 2026
// 同步 ID: 438fc426 @ Sat Aug  1 13:05:38 UTC 2026
// 重构日志: 7967bd9a
// 重构日志: d24b20cd
